Archive member included to satisfy reference by file (symbol)

D:/progran/stm/STM32CubeIDE_1.14.0/STM32CubeIDE/plugins/com.st.stm32cube.ide.mcu.externaltools.gnu-tools-for-stm32.11.3.rel1.win32_1.1.100.202309141235/tools/bin/../lib/gcc/arm-none-eabi/11.3.1/../../../../arm-none-eabi/lib/thumb/v7-m/nofp\libc_nano.a(libc_a-exit.o)
                              D:/progran/stm/STM32CubeIDE_1.14.0/STM32CubeIDE/plugins/com.st.stm32cube.ide.mcu.externaltools.gnu-tools-for-stm32.11.3.rel1.win32_1.1.100.202309141235/tools/bin/../lib/gcc/arm-none-eabi/11.3.1/../../../../arm-none-eabi/lib/thumb/v7-m/nofp/crt0.o (exit)
D:/progran/stm/STM32CubeIDE_1.14.0/STM32CubeIDE/plugins/com.st.stm32cube.ide.mcu.externaltools.gnu-tools-for-stm32.11.3.rel1.win32_1.1.100.202309141235/tools/bin/../lib/gcc/arm-none-eabi/11.3.1/../../../../arm-none-eabi/lib/thumb/v7-m/nofp\libc_nano.a(libc_a-findfp.o)
                              D:/progran/stm/STM32CubeIDE_1.14.0/STM32CubeIDE/plugins/com.st.stm32cube.ide.mcu.externaltools.gnu-tools-for-stm32.11.3.rel1.win32_1.1.100.202309141235/tools/bin/../lib/gcc/arm-none-eabi/11.3.1/../../../../arm-none-eabi/lib/thumb/v7-m/nofp\libc_nano.a(libc_a-exit.o) (__stdio_exit_handler)
D:/progran/stm/STM32CubeIDE_1.14.0/STM32CubeIDE/plugins/com.st.stm32cube.ide.mcu.externaltools.gnu-tools-for-stm32.11.3.rel1.win32_1.1.100.202309141235/tools/bin/../lib/gcc/arm-none-eabi/11.3.1/../../../../arm-none-eabi/lib/thumb/v7-m/nofp\libc_nano.a(libc_a-fwalk.o)
                              D:/progran/stm/STM32CubeIDE_1.14.0/STM32CubeIDE/plugins/com.st.stm32cube.ide.mcu.externaltools.gnu-tools-for-stm32.11.3.rel1.win32_1.1.100.202309141235/tools/bin/../lib/gcc/arm-none-eabi/11.3.1/../../../../arm-none-eabi/lib/thumb/v7-m/nofp\libc_nano.a(libc_a-findfp.o) (_fwalk_sglue)
D:/progran/stm/STM32CubeIDE_1.14.0/STM32CubeIDE/plugins/com.st.stm32cube.ide.mcu.externaltools.gnu-tools-for-stm32.11.3.rel1.win32_1.1.100.202309141235/tools/bin/../lib/gcc/arm-none-eabi/11.3.1/../../../../arm-none-eabi/lib/thumb/v7-m/nofp\libc_nano.a(libc_a-stdio.o)
                              D:/progran/stm/STM32CubeIDE_1.14.0/STM32CubeIDE/plugins/com.st.stm32cube.ide.mcu.externaltools.gnu-tools-for-stm32.11.3.rel1.win32_1.1.100.202309141235/tools/bin/../lib/gcc/arm-none-eabi/11.3.1/../../../../arm-none-eabi/lib/thumb/v7-m/nofp\libc_nano.a(libc_a-findfp.o) (__sread)
D:/progran/stm/STM32CubeIDE_1.14.0/STM32CubeIDE/plugins/com.st.stm32cube.ide.mcu.externaltools.gnu-tools-for-stm32.11.3.rel1.win32_1.1.100.202309141235/tools/bin/../lib/gcc/arm-none-eabi/11.3.1/../../../../arm-none-eabi/lib/thumb/v7-m/nofp\libc_nano.a(libc_a-memset.o)
                              D:/progran/stm/STM32CubeIDE_1.14.0/STM32CubeIDE/plugins/com.st.stm32cube.ide.mcu.externaltools.gnu-tools-for-stm32.11.3.rel1.win32_1.1.100.202309141235/tools/bin/../lib/gcc/arm-none-eabi/11.3.1/../../../../arm-none-eabi/lib/thumb/v7-m/nofp/crt0.o (memset)
D:/progran/stm/STM32CubeIDE_1.14.0/STM32CubeIDE/plugins/com.st.stm32cube.ide.mcu.externaltools.gnu-tools-for-stm32.11.3.rel1.win32_1.1.100.202309141235/tools/bin/../lib/gcc/arm-none-eabi/11.3.1/../../../../arm-none-eabi/lib/thumb/v7-m/nofp\libc_nano.a(libc_a-closer.o)
                              D:/progran/stm/STM32CubeIDE_1.14.0/STM32CubeIDE/plugins/com.st.stm32cube.ide.mcu.externaltools.gnu-tools-for-stm32.11.3.rel1.win32_1.1.100.202309141235/tools/bin/../lib/gcc/arm-none-eabi/11.3.1/../../../../arm-none-eabi/lib/thumb/v7-m/nofp\libc_nano.a(libc_a-stdio.o) (_close_r)
D:/progran/stm/STM32CubeIDE_1.14.0/STM32CubeIDE/plugins/com.st.stm32cube.ide.mcu.externaltools.gnu-tools-for-stm32.11.3.rel1.win32_1.1.100.202309141235/tools/bin/../lib/gcc/arm-none-eabi/11.3.1/../../../../arm-none-eabi/lib/thumb/v7-m/nofp\libc_nano.a(libc_a-reent.o)
                              D:/progran/stm/STM32CubeIDE_1.14.0/STM32CubeIDE/plugins/com.st.stm32cube.ide.mcu.externaltools.gnu-tools-for-stm32.11.3.rel1.win32_1.1.100.202309141235/tools/bin/../lib/gcc/arm-none-eabi/11.3.1/../../../../arm-none-eabi/lib/thumb/v7-m/nofp\libc_nano.a(libc_a-closer.o) (errno)
D:/progran/stm/STM32CubeIDE_1.14.0/STM32CubeIDE/plugins/com.st.stm32cube.ide.mcu.externaltools.gnu-tools-for-stm32.11.3.rel1.win32_1.1.100.202309141235/tools/bin/../lib/gcc/arm-none-eabi/11.3.1/../../../../arm-none-eabi/lib/thumb/v7-m/nofp\libc_nano.a(libc_a-impure.o)
                              D:/progran/stm/STM32CubeIDE_1.14.0/STM32CubeIDE/plugins/com.st.stm32cube.ide.mcu.externaltools.gnu-tools-for-stm32.11.3.rel1.win32_1.1.100.202309141235/tools/bin/../lib/gcc/arm-none-eabi/11.3.1/../../../../arm-none-eabi/lib/thumb/v7-m/nofp\libc_nano.a(libc_a-reent.o) (_impure_ptr)
D:/progran/stm/STM32CubeIDE_1.14.0/STM32CubeIDE/plugins/com.st.stm32cube.ide.mcu.externaltools.gnu-tools-for-stm32.11.3.rel1.win32_1.1.100.202309141235/tools/bin/../lib/gcc/arm-none-eabi/11.3.1/../../../../arm-none-eabi/lib/thumb/v7-m/nofp\libc_nano.a(libc_a-lseekr.o)
[...]
Memory Configuration

Name             Origin             Length             Attributes
RAM              0x0000000020000000 0x0000000000005000 xrw
FLASH            0x0000000008000000 0x0000000000010000 xr
*default*        0x0000000000000000 0xffffffffffffffff

Linker script and memory map

LOAD D:/progran/stm/STM32CubeIDE_1.14.0/STM32CubeIDE/plugins/com.st.stm32cube.ide.mcu.externaltools.gnu-tools-for-stm32.11.3.rel1.win32_1.1.100.202309141235/tools/bin/../lib/gcc/arm-none-eabi/11.3.1/thumb/v7-m/nofp/crti.o
LOAD D:/progran/stm/STM32CubeIDE_1.14.0/STM32CubeIDE/plugins/com.st.stm32cube.ide.mcu.externaltools.gnu-tools-for-stm32.11.3.rel1.win32_1.1.100.202309141235/tools/bin/../lib/gcc/arm-none-eabi/11.3.1/thumb/v7-m/nofp/crtbegin.o
LOAD D:/progran/stm/STM32CubeIDE_1.14.0/STM32CubeIDE/plugins/com.st.stm32cube.ide.mcu.externaltools.gnu-tools-for-stm32.11.3.rel1.win32_1.1.100.202309141235/tools/bin/../lib/gcc/arm-none-eabi/11.3.1/../../../../arm-none-eabi/lib/thumb/v7-m/nofp/crt0.o
LOAD ./Core/Src/fonts.o
LOAD ./Core/Src/gpio.o
LOAD ./Core/Src/i2c.o
LOAD ./Core/Src/main.o
LOAD ./Core/Src/ssd1306.o
LOAD ./Core/Src/stm32f1xx_hal_msp.o
LOAD ./Core/Src/stm32f1xx_it.o
LOAD ./Core/Src/syscalls.o
LOAD ./Core/Src/sysmem.o
LOAD ./Core/Src/system_stm32f1xx.o
LOAD ./Core/Startup/startup_stm32f103c8tx.o
LOAD ./Drivers/STM32F1xx_HAL_Driver/Src/stm32f1xx_hal.o
LOAD ./Drivers/STM32F1xx_HAL_Driver/Src/stm32f1xx_hal_cortex.o
LOAD ./Drivers/STM32F1xx_HAL_Driver/Src/stm32f1xx_hal_dma.o
LOAD ./Drivers/STM32F1xx_HAL_Driver/Src/stm32f1xx_hal_exti.o
LOAD ./Drivers/STM32F1xx_HAL_Driver/Src/stm32f1xx_hal_flash.o
LOAD ./Drivers/STM32F1xx_HAL_Driver/Src/stm32f1xx_hal_flash_ex.o
LOAD ./Drivers/STM32F1xx_HAL_Driver/Src/stm32f1xx_hal_gpio.o
LOAD ./Drivers/STM32F1xx_HAL_Driver/Src/stm32f1xx_hal_gpio_ex.o
LOAD ./Drivers/STM32F1xx_HAL_Driver/Src/stm32f1xx_hal_i2c.o
LOAD ./Drivers/STM32F1xx_HAL_Driver/Src/stm32f1xx_hal_pwr.o
LOAD ./Drivers/STM32F1xx_HAL_Driver/Src/stm32f1xx_hal_rcc.o
LOAD ./Drivers/STM32F1xx_HAL_Driver/Src/stm32f1xx_hal_rcc_ex.o
LOAD ./Drivers/STM32F1xx_HAL_Driver/Src/stm32f1xx_hal_tim.o
LOAD ./Drivers/STM32F1xx_HAL_Driver/Src/stm32f1xx_hal_tim_ex.o
START GROUP
LOAD D:/progran/stm/STM32CubeIDE_1.14.0/STM32CubeIDE/plugins/com.st.stm32cube.ide.mcu.externaltools.gnu-tools-for-stm32.11.3.rel1.win32_1.1.100.202309141235/tools/bin/../lib/gcc/arm-none-eabi/11.3.1/../../../../arm-none-eabi/lib/thumb/v7-m/nofp\libc_nano.a
LOAD D:/progran/stm/STM32CubeIDE_1.14.0/STM32CubeIDE/plugins/com.st.stm32cube.ide.mcu.externaltools.gnu-tools-for-stm32.11.3.rel1.win32_1.1.100.202309141235/tools/bin/../lib/gcc/arm-none-eabi/11.3.1/../../../../arm-none-eabi/lib/thumb/v7-m/nofp\libm.a
END GROUP
START GROUP
LOAD D:/progran/stm/STM32CubeIDE_1.14.0/STM32CubeIDE/plugins/com.st.stm32cube.ide.mcu.externaltools.gnu-tools-for-stm32.11.3.rel1.win32_1.1.100.202309141235/tools/bin/../lib/gcc/arm-none-eabi/11.3.1/thumb/v7-m/nofp\libgcc.a
LOAD D:/progran/stm/STM32CubeIDE_1.14.0/STM32CubeIDE/plugins/com.st.stm32cube.ide.mcu.externaltools.gnu-tools-for-stm32.11.3.rel1.win32_1.1.100.202309141235/tools/bin/../lib/gcc/arm-none-eabi/11.3.1/../../../../arm-none-eabi/lib/thumb/v7-m/nofp\libc_nano.a
END GROUP
START GROUP
LOAD D:/progran/stm/STM32CubeIDE_1.14.0/STM32CubeIDE/plugins/com.st.stm32cube.ide.mcu.externaltools.gnu-tools-for-stm32.11.3.rel1.win32_1.1.100.202309141235/tools/bin/../lib/gcc/arm-none-eabi/11.3.1/thumb/v7-m/nofp\libgcc.a
LOAD D:/progran/stm/STM32CubeIDE_1.14.0/STM32CubeIDE/plugins/com.st.stm32cube.ide.mcu.externaltools.gnu-tools-for-stm32.11.3.rel1.win32_1.1.100.202309141235/tools/bin/../lib/gcc/arm-none-eabi/11.3.1/../../../../arm-none-eabi/lib/thumb/v7-m/nofp\libc_nano.a
LOAD D:/progran/stm/STM32CubeIDE_1.14.0/STM32CubeIDE/plugins/com.st.stm32cube.ide.mcu.externaltools.gnu-tools-for-stm32.11.3.rel1.win32_1.1.100.202309141235/tools/bin/../lib/gcc/arm-none-eabi/11.3.1/../../../../arm-none-eabi/lib/thumb/v7-m/nofp\libnosys.a
END GROUP
START GROUP
LOAD D:/progran/stm/STM32CubeIDE_1.14.0/STM32CubeIDE/plugins/com.st.stm32cube.ide.mcu.externaltools.gnu-tools-for-stm32.11.3.rel1.win32_1.1.100.202309141235/tools/bin/../lib/gcc/arm-none-eabi/11.3.1/thumb/v7-m/nofp\libgcc.a
LOAD D:/progran/stm/STM32CubeIDE_1.14.0/STM32CubeIDE/plugins/com.st.stm32cube.ide.mcu.externaltools.gnu-tools-for-stm32.11.3.rel1.win32_1.1.100.202309141235/tools/bin/../lib/gcc/arm-none-eabi/11.3.1/../../../../arm-none-eabi/lib/thumb/v7-m/nofp\libc_nano.a
LOAD D:/progran/stm/STM32CubeIDE_1.14.0/STM32CubeIDE/plugins/com.st.stm32cube.ide.mcu.externaltools.gnu-tools-for-stm32.11.3.rel1.win32_1.1.100.202309141235/tools/bin/../lib/gcc/arm-none-eabi/11.3.1/../../../../arm-none-eabi/lib/thumb/v7-m/nofp\libnosys.a
END GROUP
LOAD D:/progran/stm/STM32CubeIDE_1.14.0/STM32CubeIDE/plugins/com.st.stm32cube.ide.mcu.externaltools.gnu-tools-for-stm32.11.3.rel1.win32_1.1.100.202309141235/tools/bin/../lib/gcc/arm-none-eabi/11.3.1/thumb/v7-m/nofp/crtend.o
LOAD D:/progran/stm/STM32CubeIDE_1.14.0/STM32CubeIDE/plugins/com.st.stm32cube.ide.mcu.externaltools.gnu-tools-for-stm32.11.3.rel1.win32_1.1.100.202309141235/tools/bin/../lib/gcc/arm-none-eabi/11.3.1/thumb/v7-m/nofp/crtn.o
                0x0000000020005000                _estack = (ORIGIN (RAM) + LENGTH (RAM))
                0x0000000000000200                _Min_Heap_Size = 0x200
                0x0000000000000400                _Min_Stack_Size = 0x400

.isr_vector     0x0000000008000000      0x10c
                0x0000000008000000                . = ALIGN (0x4)
 *(.isr_vector)
 .isr_vector    0x0000000008000000      0x10c ./Core/Startup/startup_stm32f103c8tx.o
                0x0000000008000000                g_pfnVectors
                0x000000000800010c                . = ALIGN (0x4)

.text           0x000000000800010c     0x22bc
                0x000000000800010c                . = ALIGN (0x4)
 *(.text)
 .text          0x000000000800010c       0x40 D:/progran/stm/STM32CubeIDE_1.14.0/STM32CubeIDE/plugins/com.st.stm32cube.ide.mcu.externaltools.gnu-tools-for-stm32.11.3.rel1.win32_1.1.100.202309141235/tools/bin/../lib/gcc/arm-none-eabi/11.3.1/thumb/v7-m/nofp/crtbegin.o
 *(.text*)
 .text.MX_GPIO_Init
                0x000000000800014c       0x5c ./Core/Src/gpio.o
                0x000000000800014c                MX_GPIO_Init
 .text.MX_I2C1_Init
                0x00000000080001a8       0x5c ./Core/Src/i2c.o
                0x00000000080001a8                MX_I2C1_Init
 .text.HAL_I2C_MspInit
                0x0000000008000204       0x7c ./Core/Src/i2c.o
                0x0000000008000204                HAL_I2C_MspInit
 .text.main     0x0000000008000280       0x58 ./Core/Src/main.o
                0x0000000008000280                main
 .text.SystemClock_Config
                0x00000000080002d8       0x8a ./Core/Src/main.o
                0x00000000080002d8                SystemClock_Config
 .text.Error_Handler
                0x0000000008000362        0xa ./Core/Src/main.o
                0x0000000008000362                Error_Handler
 .text.SSD1306_Init
                0x000000000800036c      0x188 ./Core/Src/ssd1306.o
                0x000000000800036c                SSD1306_Init
 .text.SSD1306_UpdateScreen
                0x00000000080004f4       0x5c ./Core/Src/ssd1306.o
                0x00000000080004f4                SSD1306_UpdateScreen
 .text.SSD1306_Fill
                0x0000000008000550       0x30 ./Core/Src/ssd1306.o
                0x0000000008000550                SSD1306_Fill
 .text.SSD1306_DrawPixel
                0x0000000008000580       0xbc ./Core/Src/ssd1306.o
                0x0000000008000580                SSD1306_DrawPixel
 .text.SSD1306_GotoXY
                0x000000000800063c       0x2c ./Core/Src/ssd1306.o
                0x000000000800063c                SSD1306_GotoXY
 .text.SSD1306_Putc
                0x0000000008000668      0x100 ./Core/Src/ssd1306.o
                0x0000000008000668                SSD1306_Putc
 .text.SSD1306_Puts
                0x0000000008000768       0x4a ./Core/Src/ssd1306.o
                0x0000000008000768                SSD1306_Puts
 *fill*         0x00000000080007b2        0x2 
 .text.ssd1306_I2C_Init
                0x00000000080007b4       0x28 ./Core/Src/ssd1306.o
                0x00000000080007b4                ssd1306_I2C_Init
 .text.ssd1306_I2C_WriteMulti
                0x00000000080007dc       0xcc ./Core/Src/ssd1306.o
                0x00000000080007dc                ssd1306_I2C_WriteMulti
 .text.ssd1306_I2C_Write
                0x00000000080008a8       0x3c ./Core/Src/ssd1306.o
                0x00000000080008a8                ssd1306_I2C_Write
 .text.HAL_MspInit
                0x00000000080008e4       0x64 ./Core/Src/stm32f1xx_hal_msp.o
                0x00000000080008e4                HAL_MspInit
 .text.NMI_Handler
                0x0000000008000948        0x6 ./Core/Src/stm32f1xx_it.o
                0x0000000008000948                NMI_Handler
 .text.HardFault_Handler
                0x000000000800094e        0x6 ./Core/Src/stm32f1xx_it.o
                0x000000000800094e                HardFault_Handler
 .text.MemManage_Handler
                0x0000000008000954        0x6 ./Core/Src/stm32f1xx_it.o
                0x0000000008000954                MemManage_Handler
 .text.BusFault_Handler
                0x000000000800095a        0x6 ./Core/Src/stm32f1xx_it.o
                0x000000000800095a                BusFault_Handler
 .text.UsageFault_Handler
                0x0000000008000960        0x6 ./Core/Src/stm32f1xx_it.o
                0x0000000008000960                UsageFault_Handler
 .text.SVC_Handler
                0x0000000008000966        0xc ./Core/Src/stm32f1xx_it.o
                0x0000000008000966                SVC_Handler
 .text.DebugMon_Handler
                0x0000000008000972        0xc ./Core/Src/stm32f1xx_it.o
                0x0000000008000972                DebugMon_Handler
 .text.PendSV_Handler
                0x000000000800097e        0xc ./Core/Src/stm32f1xx_it.o
                0x000000000800097e                PendSV_Handler
 .text.SysTick_Handler
                0x000000000800098a        0xc ./Core/Src/stm32f1xx_it.o
                0x000000000800098a                SysTick_Handler
 .text.SystemInit
                0x0000000008000996        0xc ./Core/Src/system_stm32f1xx.o
                0x0000000008000996                SystemInit
 *fill*         0x00000000080009a2        0x2 
 .text.Reset_Handler
                0x00000000080009a4       0x48 ./Core/Startup/startup_stm32f103c8tx.o
                0x00000000080009a4                Reset_Handler
 .text.Default_Handler
                0x00000000080009ec        0x2 ./Core/Startup/startup_stm32f103c8tx.o
                0x00000000080009ec                RTC_Alarm_IRQHandler
                0x00000000080009ec                EXTI2_IRQHandler
                0x00000000080009ec                TIM1_CC_IRQHandler
                0x00000000080009ec                PVD_IRQHandler
                0x00000000080009ec                EXTI3_IRQHandler
                0x00000000080009ec                EXTI0_IRQHandler
                0x00000000080009ec                I2C2_EV_IRQHandler
                0x00000000080009ec                ADC1_2_IRQHandler
                0x00000000080009ec                SPI1_IRQHandler
                0x00000000080009ec                TAMPER_IRQHandler
                0x00000000080009ec                DMA1_Channel4_IRQHandler
                0x00000000080009ec                USART3_IRQHandler
                0x00000000080009ec                RTC_IRQHandler
                0x00000000080009ec                DMA1_Channel7_IRQHandler
                0x00000000080009ec                CAN1_RX1_IRQHandler
                0x00000000080009ec                TIM4_IRQHandler
                0x00000000080009ec                I2C1_EV_IRQHandler
                0x00000000080009ec                DMA1_Channel6_IRQHandler
                0x00000000080009ec                TIM3_IRQHandler
                0x00000000080009ec                RCC_IRQHandler
                0x00000000080009ec                TIM1_TRG_COM_IRQHandler
                0x00000000080009ec                DMA1_Channel1_IRQHandler
                0x00000000080009ec                Default_Handler
                0x00000000080009ec                EXTI15_10_IRQHandler
                0x00000000080009ec                EXTI9_5_IRQHandler
                0x00000000080009ec                SPI2_IRQHandler
                0x00000000080009ec                DMA1_Channel5_IRQHandler
                0x00000000080009ec                EXTI4_IRQHandler
                0x00000000080009ec                USB_LP_CAN1_RX0_IRQHandler
                0x00000000080009ec                USB_HP_CAN1_TX_IRQHandler
                0x00000000080009ec                DMA1_Channel3_IRQHandler
                0x00000000080009ec                TIM1_UP_IRQHandler
                0x00000000080009ec                WWDG_IRQHandler
                0x00000000080009ec                TIM2_IRQHandler
                0x00000000080009ec                TIM1_BRK_IRQHandler
                0x00000000080009ec                EXTI1_IRQHandler
                0x00000000080009ec                USART2_IRQHandler
                0x00000000080009ec                I2C2_ER_IRQHandler
                0x00000000080009ec                DMA1_Channel2_IRQHandler
                0x00000000080009ec                CAN1_SCE_IRQHandler
                0x00000000080009ec                FLASH_IRQHandler
                0x00000000080009ec                USART1_IRQHandler
                0x00000000080009ec                I2C1_ER_IRQHandler
                0x00000000080009ec                USBWakeUp_IRQHandler
 *fill*         0x00000000080009ee        0x2 
 .text.HAL_Init
                0x00000000080009f0       0x2c ./Drivers/STM32F1xx_HAL_Driver/Src/stm32f1xx_hal.o
                0x00000000080009f0                HAL_Init
 .text.HAL_InitTick
                0x0000000008000a1c       0x60 ./Drivers/STM32F1xx_HAL_Driver/Src/stm32f1xx_hal.o
                0x0000000008000a1c                HAL_InitTick
 .text.HAL_IncTick
                0x0000000008000a7c       0x24 ./Drivers/STM32F1xx_HAL_Driver/Src/stm32f1xx_hal.o
                0x0000000008000a7c                HAL_IncTick
 .text.HAL_GetTick
                0x0000000008000aa0       0x14 ./Drivers/STM32F1xx_HAL_Driver/Src/stm32f1xx_hal.o
                0x0000000008000aa0                HAL_GetTick
 .text.HAL_Delay
                0x0000000008000ab4       0x48 ./Drivers/STM32F1xx_HAL_Driver/Src/stm32f1xx_hal.o
                0x0000000008000ab4                HAL_Delay
 .text.__NVIC_SetPriorityGrouping
                0x0000000008000afc       0x48 ./Drivers/STM32F1xx_HAL_Driver/Src/stm32f1xx_hal_cortex.o
 .text.__NVIC_GetPriorityGrouping
                0x0000000008000b44       0x1c ./Drivers/STM32F1xx_HAL_Driver/Src/stm32f1xx_hal_cortex.o
 .text.__NVIC_SetPriority
                0x0000000008000b60       0x54 ./Drivers/STM32F1xx_HAL_Driver/Src/stm32f1xx_hal_cortex.o
 .text.NVIC_EncodePriority
                0x0000000008000bb4       0x64 ./Drivers/STM32F1xx_HAL_Driver/Src/stm32f1xx_hal_cortex.o
 .text.SysTick_Config
                0x0000000008000c18       0x44 ./Drivers/STM32F1xx_HAL_Driver/Src/stm32f1xx_hal_cortex.o
 .text.HAL_NVIC_SetPriorityGrouping
                0x0000000008000c5c       0x16 ./Drivers/STM32F1xx_HAL_Driver/Src/stm32f1xx_hal_cortex.o
                0x0000000008000c5c                HAL_NVIC_SetPriorityGrouping
 .text.HAL_NVIC_SetPriority
                0x0000000008000c72       0x38 ./Drivers/STM32F1xx_HAL_Driver/Src/stm32f1xx_hal_cortex.o
                0x0000000008000c72                HAL_NVIC_SetPriority
 .text.HAL_SYSTICK_Config
                0x0000000008000caa       0x18 ./Drivers/STM32F1xx_HAL_Driver/Src/stm32f1xx_hal_cortex.o
                0x0000000008000caa                HAL_SYSTICK_Config
 *fill*         0x0000000008000cc2        0x2 
 .text.HAL_GPIO_Init
                0x0000000008000cc4      0x308 ./Drivers/STM32F1xx_HAL_Driver/Src/stm32f1xx_hal_gpio.o
                0x0000000008000cc4                HAL_GPIO_Init
 .text.HAL_I2C_Init
                0x0000000008000fcc      0x288 ./Drivers/STM32F1xx_HAL_Driver/Src/stm32f1xx_hal_i2c.o
                0x0000000008000fcc                HAL_I2C_Init
 .text.HAL_I2C_Master_Transmit
                0x0000000008001254      0x1fc ./Drivers/STM32F1xx_HAL_Driver/Src/stm32f1xx_hal_i2c.o
                0x0000000008001254                HAL_I2C_Master_Transmit
 .text.HAL_I2C_IsDeviceReady
                0x0000000008001450      0x25c ./Drivers/STM32F1xx_HAL_Driver/Src/stm32f1xx_hal_i2c.o
                0x0000000008001450                HAL_I2C_IsDeviceReady
 .text.I2C_MasterRequestWrite
                0x00000000080016ac      0x104 ./Drivers/STM32F1xx_HAL_Driver/Src/stm32f1xx_hal_i2c.o
 .text.I2C_WaitOnFlagUntilTimeout
                0x00000000080017b0       0xf4 ./Drivers/STM32F1xx_HAL_Driver/Src/stm32f1xx_hal_i2c.o
 .text.I2C_WaitOnMasterAddressFlagUntilTimeout
                0x00000000080018a4      0x140 ./Drivers/STM32F1xx_HAL_Driver/Src/stm32f1xx_hal_i2c.o
 .text.I2C_WaitOnTXEFlagUntilTimeout
                0x00000000080019e4       0x90 ./Drivers/STM32F1xx_HAL_Driver/Src/stm32f1xx_hal_i2c.o
 .text.I2C_WaitOnBTFFlagUntilTimeout
                0x0000000008001a74       0x90 ./Drivers/STM32F1xx_HAL_Driver/Src/stm32f1xx_hal_i2c.o
 .text.I2C_IsAcknowledgeFailed
                0x0000000008001b04       0x5c ./Drivers/STM32F1xx_HAL_Driver/Src/stm32f1xx_hal_i2c.o
 .text.HAL_RCC_OscConfig
                0x0000000008001b60      0x504 ./Drivers/STM32F1xx_HAL_Driver/Src/stm32f1xx_hal_rcc.o
                0x0000000008001b60                HAL_RCC_OscConfig
 .text.HAL_RCC_ClockConfig
                0x0000000008002064      0x1d4 ./Drivers/STM32F1xx_HAL_Driver/Src/stm32f1xx_hal_rcc.o
                0x0000000008002064                HAL_RCC_ClockConfig
 .text.HAL_RCC_GetSysClockFreq
                0x0000000008002238       0xa8 ./Drivers/STM32F1xx_HAL_Driver/Src/stm32f1xx_hal_rcc.o
                0x0000000008002238                HAL_RCC_GetSysClockFreq
 .text.HAL_RCC_GetHCLKFreq
                0x00000000080022e0       0x14 ./Drivers/STM32F1xx_HAL_Driver/Src/stm32f1xx_hal_rcc.o
                0x00000000080022e0                HAL_RCC_GetHCLKFreq
 .text.HAL_RCC_GetPCLK1Freq
                0x00000000080022f4       0x28 ./Drivers/STM32F1xx_HAL_Driver/Src/stm32f1xx_hal_rcc.o
                0x00000000080022f4                HAL_RCC_GetPCLK1Freq
 .text.RCC_Delay
                0x000000000800231c       0x3c ./Drivers/STM32F1xx_HAL_Driver/Src/stm32f1xx_hal_rcc.o
 .text.memset   0x0000000008002358       0x10 D:/progran/stm/STM32CubeIDE_1.14.0/STM32CubeIDE/plugins/com.st.stm32cube.ide.mcu.externaltools.gnu-tools-for-stm32.11.3.rel1.win32_1.1.100.202309141235/tools/bin/../lib/gcc/arm-none-eabi/11.3.1/../../../../arm-none-eabi/lib/thumb/v7-m/nofp\libc_nano.a(libc_a-memset.o)
                0x0000000008002358                memset
 .text.__libc_init_array
                0x0000000008002368       0x48 D:/progran/stm/STM32CubeIDE_1.14.0/STM32CubeIDE/plugins/com.st.stm32cube.ide.mcu.externaltools.gnu-tools-for-stm32.11.3.rel1.win32_1.1.100.202309141235/tools/bin/../lib/gcc/arm-none-eabi/11.3.1/../../../../arm-none-eabi/lib/thumb/v7-m/nofp\libc_nano.a(libc_a-init.o)
                0x0000000008002368                __libc_init_array
 *(.glue_7)
 .glue_7        0x00000000080023b0        0x0 linker stubs
 *(.glue_7t)
 .glue_7t       0x00000000080023b0        0x0 linker stubs
 *(.eh_frame)
 .eh_frame      0x00000000080023b0        0x0 D:/progran/stm/STM32CubeIDE_1.14.0/STM32CubeIDE/plugins/com.st.stm32cube.ide.mcu.externaltools.gnu-tools-for-stm32.11.3.rel1.win32_1.1.100.202309141235/tools/bin/../lib/gcc/arm-none-eabi/11.3.1/thumb/v7-m/nofp/crtbegin.o
 *(.init)
 .init          0x00000000080023b0        0x4 D:/progran/stm/STM32CubeIDE_1.14.0/STM32CubeIDE/plugins/com.st.stm32cube.ide.mcu.externaltools.gnu-tools-for-stm32.11.3.rel1.win32_1.1.100.202309141235/tools/bin/../lib/gcc/arm-none-eabi/11.3.1/thumb/v7-m/nofp/crti.o
                0x00000000080023b0                _init
 .init          0x00000000080023b4        0x8 D:/progran/stm/STM32CubeIDE_1.14.0/STM32CubeIDE/plugins/com.st.stm32cube.ide.mcu.externaltools.gnu-tools-for-stm32.11.3.rel1.win32_1.1.100.202309141235/tools/bin/../lib/gcc/arm-none-eabi/11.3.1/thumb/v7-m/nofp/crtn.o
 *(.fini)
 .fini          0x00000000080023bc        0x4 D:/progran/stm/STM32CubeIDE_1.14.0/STM32CubeIDE/plugins/com.st.stm32cube.ide.mcu.externaltools.gnu-tools-for-stm32.11.3.rel1.win32_1.1.100.202309141235/tools/bin/../lib/gcc/arm-none-eabi/11.3.1/thumb/v7-m/nofp/crti.o
                0x00000000080023bc                _fini
 .fini          0x00000000080023c0        0x8 D:/progran/stm/STM32CubeIDE_1.14.0/STM32CubeIDE/plugins/com.st.stm32cube.ide.mcu.externaltools.gnu-tools-for-stm32.11.3.rel1.win32_1.1.100.202309141235/tools/bin/../lib/gcc/arm-none-eabi/11.3.1/thumb/v7-m/nofp/crtn.o
                0x00000000080023c8                . = ALIGN (0x4)
                0x00000000080023c8                _etext = .

.vfp11_veneer   0x00000000080023c8        0x0
 .vfp11_veneer  0x00000000080023c8        0x0 linker stubs

.v4_bx          0x00000000080023c8        0x0
 .v4_bx         0x00000000080023c8        0x0 linker stubs

.iplt           0x00000000080023c8        0x0
 .iplt          0x00000000080023c8        0x0 D:/progran/stm/STM32CubeIDE_1.14.0/STM32CubeIDE/plugins/com.st.stm32cube.ide.mcu.externaltools.gnu-tools-for-stm32.11.3.rel1.win32_1.1.100.202309141235/tools/bin/../lib/gcc/arm-none-eabi/11.3.1/thumb/v7-m/nofp/crtbegin.o

.rodata         0x00000000080023c8      0xd9c
                0x00000000080023c8                . = ALIGN (0x4)
 *(.rodata)
 .rodata        0x00000000080023c8       0x13 ./Core/Src/main.o
 *(.rodata*)
 *fill*         0x00000000080023db        0x1 
 .rodata.Font11x18
                0x00000000080023dc      0xd5c ./Core/Src/fonts.o
                0x00000000080023dc                Font11x18
 .rodata.AHBPrescTable
                0x0000000008003138       0x10 ./Core/Src/system_stm32f1xx.o
                0x0000000008003138                AHBPrescTable
 .rodata.APBPrescTable
                0x0000000008003148        0x8 ./Core/Src/system_stm32f1xx.o
                0x0000000008003148                APBPrescTable
 .rodata.aPLLMULFactorTable.1
                0x0000000008003150       0x10 ./Drivers/STM32F1xx_HAL_Driver/Src/stm32f1xx_hal_rcc.o
 .rodata.aPredivFactorTable.0
                0x0000000008003160        0x2 ./Drivers/STM32F1xx_HAL_Driver/Src/stm32f1xx_hal_rcc.o
                0x0000000008003164                . = ALIGN (0x4)
 *fill*         0x0000000008003162        0x2 

.rel.dyn        0x0000000008003164        0x0
 .rel.iplt      0x0000000008003164        0x0 D:/progran/stm/STM32CubeIDE_1.14.0/STM32CubeIDE/plugins/com.st.stm32cube.ide.mcu.externaltools.gnu-tools-for-stm32.11.3.rel1.win32_1.1.100.202309141235/tools/bin/../lib/gcc/arm-none-eabi/11.3.1/thumb/v7-m/nofp/crtbegin.o

.ARM.extab      0x0000000008003164        0x0
                0x0000000008003164                . = ALIGN (0x4)
 *(.ARM.extab* .gnu.linkonce.armextab.*)
                0x0000000008003164                . = ALIGN (0x4)

.ARM            0x0000000008003164        0x0
                0x0000000008003164                . = ALIGN (0x4)
                0x0000000008003164                __exidx_start = .
 *(.ARM.exidx*)
                0x0000000008003164                __exidx_end = .
                0x0000000008003164                . = ALIGN (0x4)

.preinit_array  0x0000000008003164        0x0
                0x0000000008003164                . = ALIGN (0x4)
                0x0000000008003164                PROVIDE (__preinit_array_start = .)
 *(.preinit_array*)
                0x0000000008003164                PROVIDE (__preinit_array_end = .)
                0x0000000008003164                . = ALIGN (0x4)

.init_array     0x0000000008003164        0x4
                0x0000000008003164                . = ALIGN (0x4)
                0x0000000008003164                PROVIDE (__init_array_start = .)
 *(SORT_BY_NAME(.init_array.*))
 *(.init_array*)
 .init_array    0x0000000008003164        0x4 D:/progran/stm/STM32CubeIDE_1.14.0/STM32CubeIDE/plugins/com.st.stm32cube.ide.mcu.externaltools.gnu-tools-for-stm32.11.3.rel1.win32_1.1.100.202309141235/tools/bin/../lib/gcc/arm-none-eabi/11.3.1/thumb/v7-m/nofp/crtbegin.o
                0x0000000008003168                PROVIDE (__init_array_end = .)
                0x0000000008003168                . = ALIGN (0x4)

.fini_array     0x0000000008003168        0x4
                0x0000000008003168                . = ALIGN (0x4)
                [!provide]                        PROVIDE (__fini_array_start = .)
 *(SORT_BY_NAME(.fini_array.*))
 *(.fini_array*)
 .fini_array    0x0000000008003168        0x4 D:/progran/stm/STM32CubeIDE_1.14.0/STM32CubeIDE/plugins/com.st.stm32cube.ide.mcu.externaltools.gnu-tools-for-stm32.11.3.rel1.win32_1.1.100.202309141235/tools/bin/../lib/gcc/arm-none-eabi/11.3.1/thumb/v7-m/nofp/crtbegin.o
                [!provide]                        PROVIDE (__fini_array_end = .)
                0x000000000800316c                . = ALIGN (0x4)
                0x000000000800316c                _sidata = LOADADDR (.data)

.data           0x0000000020000000       0x14 load address 0x000000000800316c
                0x0000000020000000                . = ALIGN (0x4)
                0x0000000020000000                _sdata = .
 *(.data)
 *(.data*)
 .data.Font_11x18
                0x0000000020000000        0x8 ./Core/Src/fonts.o
                0x0000000020000000                Font_11x18
 .data.SystemCoreClock
                0x0000000020000008        0x4 ./Core/Src/system_stm32f1xx.o
                0x0000000020000008                SystemCoreClock
 .data.uwTickPrio
                0x000000002000000c        0x4 ./Drivers/STM32F1xx_HAL_Driver/Src/stm32f1xx_hal.o
                0x000000002000000c                uwTickPrio
 .data.uwTickFreq
                0x0000000020000010        0x1 ./Drivers/STM32F1xx_HAL_Driver/Src/stm32f1xx_hal.o
                0x0000000020000010                uwTickFreq
 *(.RamFunc)
 *(.RamFunc*)
                0x0000000020000014                . = ALIGN (0x4)
 *fill*         0x0000000020000011        0x3 
                0x0000000020000014                _edata = .

.igot.plt       0x0000000020000014        0x0 load address 0x0000000008003180
 .igot.plt      0x0000000020000014        0x0 D:/progran/stm/STM32CubeIDE_1.14.0/STM32CubeIDE/plugins/com.st.stm32cube.ide.mcu.externaltools.gnu-tools-for-stm32.11.3.rel1.win32_1.1.100.202309141235/tools/bin/../lib/gcc/arm-none-eabi/11.3.1/thumb/v7-m/nofp/crtbegin.o
                0x0000000020000014                . = ALIGN (0x4)

.bss            0x0000000020000014      0x47c load address 0x0000000008003180
                0x0000000020000014                _sbss = .
                0x0000000020000014                __bss_start__ = _sbss
 *(.bss)
 .bss           0x0000000020000014       0x1c D:/progran/stm/STM32CubeIDE_1.14.0/STM32CubeIDE/plugins/com.st.stm32cube.ide.mcu.externaltools.gnu-tools-for-stm32.11.3.rel1.win32_1.1.100.202309141235/tools/bin/../lib/gcc/arm-none-eabi/11.3.1/thumb/v7-m/nofp/crtbegin.o
 *(.bss*)
 .bss.hi2c1     0x0000000020000030       0x54 ./Core/Src/i2c.o
                0x0000000020000030                hi2c1
 .bss.SSD1306_Buffer
                0x0000000020000084      0x400 ./Core/Src/ssd1306.o
 .bss.SSD1306   0x0000000020000484        0x6 ./Core/Src/ssd1306.o
 *fill*         0x000000002000048a        0x2 
 .bss.uwTick    0x000000002000048c        0x4 ./Drivers/STM32F1xx_HAL_Driver/Src/stm32f1xx_hal.o
                0x000000002000048c                uwTick
 *(COMMON)
                0x0000000020000490                . = ALIGN (0x4)
                0x0000000020000490                _ebss = .
                0x0000000020000490                __bss_end__ = _ebss

._user_heap_stack
                0x0000000020000490      0x600 load address 0x0000000008003180
                0x0000000020000490                . = ALIGN (0x8)
                [!provide]                        PROVIDE (end = .)
                0x0000000020000490                PROVIDE (_end = .)
                0x0000000020000690                . = (. + _Min_Heap_Size)
 *fill*         0x0000000020000490      0x200 
                0x0000000020000a90                . = (. + _Min_Stack_Size)
 *fill*         0x0000000020000690      0x400 
                0x0000000020000a90                . = ALIGN (0x8)

/DISCARD/
 libc.a(*)
 libm.a(*)
 libgcc.a(*)

.ARM.attributes
                0x0000000000000000       0x29
 *(.ARM.attributes)
 .ARM.attributes
                0x0000000000000000       0x1d D:/progran/stm/STM32CubeIDE_1.14.0/STM32CubeIDE/plugins/com.st.stm32cube.ide.mcu.externaltools.gnu-tools-for-stm32.11.3.rel1.win32_1.1.100.202309141235/tools/bin/../lib/gcc/arm-none-eabi/11.3.1/thumb/v7-m/nofp/crti.o
 .ARM.attributes
                0x000000000000001d       0x2d D:/progran/stm/STM32CubeIDE_1.14.0/STM32CubeIDE/plugins/com.st.stm32cube.ide.mcu.externaltools.gnu-tools-for-stm32.11.3.rel1.win32_1.1.100.202309141235/tools/bin/../lib/gcc/arm-none-eabi/11.3.1/thumb/v7-m/nofp/crtbegin.o
 .ARM.attributes
                0x000000000000004a       0x2d ./Core/Src/fonts.o
 .ARM.attributes
                0x0000000000000077       0x2d ./Core/Src/gpio.o
 .ARM.attributes
                0x00000000000000a4       0x2d ./Core/Src/i2c.o
 .ARM.attributes
                0x00000000000000d1       0x2d ./Core/Src/main.o
 .ARM.attributes
                0x00000000000000fe       0x2d ./Core/Src/ssd1306.o
 .ARM.attributes
                0x000000000000012b       0x2d ./Core/Src/stm32f1xx_hal_msp.o
 .ARM.attributes
                0x0000000000000158       0x2d ./Core/Src/stm32f1xx_it.o
 .ARM.attributes
                0x0000000000000185       0x2d ./Core/Src/system_stm32f1xx.o
 .ARM.attributes
                0x00000000000001b2       0x21 ./Core/Startup/startup_stm32f103c8tx.o
 .ARM.attributes
                0x00000000000001d3       0x2d ./Drivers/STM32F1xx_HAL_Driver/Src/stm32f1xx_hal.o
 .ARM.attributes
                0x0000000000000200       0x2d ./Drivers/STM32F1xx_HAL_Driver/Src/stm32f1xx_hal_cortex.o
 .ARM.attributes
                0x000000000000022d       0x2d ./Drivers/STM32F1xx_HAL_Driver/Src/stm32f1xx_hal_gpio.o
 .ARM.attributes
                0x000000000000025a       0x2d ./Drivers/STM32F1xx_HAL_Driver/Src/stm32f1xx_hal_i2c.o
 .ARM.attributes
                0x0000000000000287       0x2d ./Drivers/STM32F1xx_HAL_Driver/Src/stm32f1xx_hal_rcc.o
 .ARM.attributes
                0x00000000000002b4       0x2d D:/progran/stm/STM32CubeIDE_1.14.0/STM32CubeIDE/plugins/com.st.stm32cube.ide.mcu.externaltools.gnu-tools-for-stm32.11.3.rel1.win32_1.1.100.202309141235/tools/bin/../lib/gcc/arm-none-eabi/11.3.1/../../../../arm-none-eabi/lib/thumb/v7-m/nofp\libc_nano.a(libc_a-memset.o)
 .ARM.attributes
                0x00000000000002e1       0x2d D:/progran/stm/STM32CubeIDE_1.14.0/STM32CubeIDE/plugins/com.st.stm32cube.ide.mcu.externaltools.gnu-tools-for-stm32.11.3.rel1.win32_1.1.100.202309141235/tools/bin/../lib/gcc/arm-none-eabi/11.3.1/../../../../arm-none-eabi/lib/thumb/v7-m/nofp\libc_nano.a(libc_a-init.o)
 .ARM.attributes
                0x000000000000030e       0x1d D:/progran/stm/STM32CubeIDE_1.14.0/STM32CubeIDE/plugins/com.st.stm32cube.ide.mcu.externaltools.gnu-tools-for-stm32.11.3.rel1.win32_1.1.100.202309141235/tools/bin/../lib/gcc/arm-none-eabi/11.3.1/thumb/v7-m/nofp/crtn.o
OUTPUT(lab_6.elf elf32-littlearm)
LOAD linker stubs
LOAD D:/progran/stm/STM32CubeIDE_1.14.0/STM32CubeIDE/plugins/com.st.stm32cube.ide.mcu.externaltools.gnu-tools-for-stm32.11.3.rel1.win32_1.1.100.202309141235/tools/bin/../lib/gcc/arm-none-eabi/11.3.1/../../../../arm-none-eabi/lib/thumb/v7-m/nofp\libc.a
LOAD D:/progran/stm/STM32CubeIDE_1.14.0/STM32CubeIDE/plugins/com.st.stm32cube.ide.mcu.externaltools.gnu-tools-for-stm32.11.3.rel1.win32_1.1.100.202309141235/tools/bin/../lib/gcc/arm-none-eabi/11.3.1/../../../../arm-none-eabi/lib/thumb/v7-m/nofp\libm.a
LOAD D:/progran/stm/STM32CubeIDE_1.14.0/STM32CubeIDE/plugins/com.st.stm32cube.ide.mcu.externaltools.gnu-tools-for-stm32.11.3.rel1.win32_1.1.100.202309141235/tools/bin/../lib/gcc/arm-none-eabi/11.3.1/thumb/v7-m/nofp\libgcc.a

.comment        0x0000000000000000       0x43
 .comment       0x0000000000000000       0x43 D:/progran/stm/STM32CubeIDE_1.14.0/STM32CubeIDE/plugins/com.st.stm32cube.ide.mcu.externaltools.gnu-tools-for-stm32.11.3.rel1.win32_1.1.100.202309141235/tools/bin/../lib/gcc/arm-none-eabi/11.3.1/thumb/v7-m/nofp/crtbegin.o
                                         0x44 (size before relaxing)
 .comment       0x0000000000000043       0x44 ./Core/Src/fonts.o
 .comment       0x0000000000000043       0x44 ./Core/Src/gpio.o
 .comment       0x0000000000000043       0x44 ./Core/Src/i2c.o
 .comment       0x0000000000000043       0x44 ./Core/Src/main.o
 .comment       0x0000000000000043       0x44 ./Core/Src/ssd1306.o
 .comment       0x0000000000000043       0x44 ./Core/Src/stm32f1xx_hal_msp.o
 .comment       0x0000000000000043       0x44 ./Core/Src/stm32f1xx_it.o
 .comment       0x0000000000000043       0x44 ./Core/Src/system_stm32f1xx.o
 .comment       0x0000000000000043       0x44 ./Drivers/STM32F1xx_HAL_Driver/Src/stm32f1xx_hal.o
 .comment       0x0000000000000043       0x44 ./Drivers/STM32F1xx_HAL_Driver/Src/stm32f1xx_hal_cortex.o
 .comment       0x0000000000000043       0x44 ./Drivers/STM32F1xx_HAL_Driver/Src/stm32f1xx_hal_gpio.o
 .comment       0x0000000000000043       0x44 ./Drivers/STM32F1xx_HAL_Driver/Src/stm32f1xx_hal_i2c.o
 .comment       0x0000000000000043       0x44 ./Drivers/STM32F1xx_HAL_Driver/Src/stm32f1xx_hal_rcc.o

.debug_info     0x0000000000000000     0x68ff
 .debug_info    0x0000000000000000      0x255 ./Core/Src/fonts.o
 .debug_info    0x0000000000000255      0x184 ./Core/Src/gpio.o
 .debug_info    0x00000000000003d9      0x7e3 ./Core/Src/i2c.o
 .debug_info    0x0000000000000bbc      0x3b2 ./Core/Src/main.o
 .debug_info    0x0000000000000f6e     0x1028 ./Core/Src/ssd1306.o
 .debug_info    0x0000000000001f96      0x1f1 ./Core/Src/stm32f1xx_hal_msp.o
 .debug_info    0x0000000000002187      0x113 ./Core/Src/stm32f1xx_it.o
 .debug_info    0x000000000000229a      0x222 ./Core/Src/system_stm32f1xx.o
 .debug_info    0x00000000000024bc       0x23 ./Core/Startup/startup_stm32f103c8tx.o
 .debug_info    0x00000000000024df      0x704 ./Drivers/STM32F1xx_HAL_Driver/Src/stm32f1xx_hal.o
 .debug_info    0x0000000000002be3      0xa87 ./Drivers/STM32F1xx_HAL_Driver/Src/stm32f1xx_hal_cortex.o
 .debug_info    0x000000000000366a      0x5ab ./Drivers/STM32F1xx_HAL_Driver/Src/stm32f1xx_hal_gpio.o
 .debug_info    0x0000000000003c15     0x2515 ./Drivers/STM32F1xx_HAL_Driver/Src/stm32f1xx_hal_i2c.o
 .debug_info    0x000000000000612a      0x7d5 ./Drivers/STM32F1xx_HAL_Driver/Src/stm32f1xx_hal_rcc.o

.debug_abbrev   0x0000000000000000     0x1768
 .debug_abbrev  0x0000000000000000      0x11c ./Core/Src/fonts.o
 .debug_abbrev  0x000000000000011c       0xc6 ./Core/Src/gpio.o
 .debug_abbrev  0x00000000000001e2      0x1de ./Core/Src/i2c.o
 .debug_abbrev  0x00000000000003c0      0x1e3 ./Core/Src/main.o
 .debug_abbrev  0x00000000000005a3      0x30d ./Core/Src/ssd1306.o
 .debug_abbrev  0x00000000000008b0       0xdb ./Core/Src/stm32f1xx_hal_msp.o
 .debug_abbrev  0x000000000000098b       0x73 ./Core/Src/stm32f1xx_it.o
 .debug_abbrev  0x00000000000009fe      0x13f ./Core/Src/system_stm32f1xx.o
 .debug_abbrev  0x0000000000000b3d       0x12 ./Core/Startup/startup_stm32f103c8tx.o
 .debug_abbrev  0x0000000000000b4f      0x201 ./Drivers/STM32F1xx_HAL_Driver/Src/stm32f1xx_hal.o
 .debug_abbrev  0x0000000000000d50      0x2f8 ./Drivers/STM32F1xx_HAL_Driver/Src/stm32f1xx_hal_cortex.o
 .debug_abbrev  0x0000000000001048      0x1ca ./Drivers/STM32F1xx_HAL_Driver/Src/stm32f1xx_hal_gpio.o
 .debug_abbrev  0x0000000000001212      0x2a3 ./Drivers/STM32F1xx_HAL_Driver/Src/stm32f1xx_hal_i2c.o
 .debug_abbrev  0x00000000000014b5      0x2b3 ./Drivers/STM32F1xx_HAL_Driver/Src/stm32f1xx_hal_rcc.o

.debug_aranges  0x0000000000000000      0x7d8
 .debug_aranges
                0x0000000000000000       0x20 ./Core/Src/fonts.o
 .debug_aranges
                0x0000000000000020       0x20 ./Core/Src/gpio.o
 .debug_aranges
                0x0000000000000040       0x30 ./Core/Src/i2c.o
 .debug_aranges
                0x0000000000000070       0x30 ./Core/Src/main.o
 .debug_aranges
                0x00000000000000a0       0xf8 ./Core/Src/ssd1306.o
 .debug_aranges
                0x0000000000000198       0x20 ./Core/Src/stm32f1xx_hal_msp.o
 .debug_aranges
                0x00000000000001b8       0x60 ./Core/Src/stm32f1xx_it.o
 .debug_aranges
                0x0000000000000218       0x28 ./Core/Src/system_stm32f1xx.o
 .debug_aranges
                0x0000000000000240       0x28 ./Core/Startup/startup_stm32f103c8tx.o
 .debug_aranges
                0x0000000000000268       0xe0 ./Drivers/STM32F1xx_HAL_Driver/Src/stm32f1xx_hal.o
 .debug_aranges
                0x0000000000000348      0x100 ./Drivers/STM32F1xx_HAL_Driver/Src/stm32f1xx_hal_cortex.o
 .debug_aranges
                0x0000000000000448       0x58 ./Drivers/STM32F1xx_HAL_Driver/Src/stm32f1xx_hal_gpio.o
 .debug_aranges
                0x00000000000004a0      0x2a8 ./Drivers/STM32F1xx_HAL_Driver/Src/stm32f1xx_hal_i2c.o
 .debug_aranges
                0x0000000000000748       0x90 ./Drivers/STM32F1xx_HAL_Driver/Src/stm32f1xx_hal_rcc.o

.debug_rnglists
                0x0000000000000000      0x5f5
 .debug_rnglists
                0x0000000000000000       0x13 ./Core/Src/fonts.o
 .debug_rnglists
                0x0000000000000013       0x13 ./Core/Src/gpio.o
 .debug_rnglists
                0x0000000000000026       0x1f ./Core/Src/i2c.o
 .debug_rnglists
                0x0000000000000045       0x20 ./Core/Src/main.o
 .debug_rnglists
                0x0000000000000065       0xc2 ./Core/Src/ssd1306.o
 .debug_rnglists
                0x0000000000000127       0x13 ./Core/Src/stm32f1xx_hal_msp.o
 .debug_rnglists
                0x000000000000013a       0x43 ./Core/Src/stm32f1xx_it.o
 .debug_rnglists
                0x000000000000017d       0x1a ./Core/Src/system_stm32f1xx.o
 .debug_rnglists
                0x0000000000000197       0x19 ./Core/Startup/startup_stm32f103c8tx.o
 .debug_rnglists
                0x00000000000001b0       0xa3 ./Drivers/STM32F1xx_HAL_Driver/Src/stm32f1xx_hal.o
 .debug_rnglists
                0x0000000000000253       0xbb ./Drivers/STM32F1xx_HAL_Driver/Src/stm32f1xx_hal_cortex.o
 .debug_rnglists
                0x000000000000030e       0x3f ./Drivers/STM32F1xx_HAL_Driver/Src/stm32f1xx_hal_gpio.o
 .debug_rnglists
                0x000000000000034d      0x23c ./Drivers/STM32F1xx_HAL_Driver/Src/stm32f1xx_hal_i2c.o
 .debug_rnglists
                0x0000000000000589       0x6c ./Drivers/STM32F1xx_HAL_Driver/Src/stm32f1xx_hal_rcc.o

.debug_macro    0x0000000000000000    0x16fd4
 .debug_macro   0x0000000000000000      0x266 ./Core/Src/fonts.o
 .debug_macro   0x0000000000000266      0xa9c ./Core/Src/fonts.o
 .debug_macro   0x0000000000000d02      0x215 ./Core/Src/fonts.o
 .debug_macro   0x0000000000000f17       0x2e ./Core/Src/fonts.o
 .debug_macro   0x0000000000000f45       0x22 ./Core/Src/fonts.o
 .debug_macro   0x0000000000000f67       0x22 ./Core/Src/fonts.o
 .debug_macro   0x0000000000000f89       0x8e ./Core/Src/fonts.o
 .debug_macro   0x0000000000001017       0x51 ./Core/Src/fonts.o
 .debug_macro   0x0000000000001068      0x103 ./Core/Src/fonts.o
 .debug_macro   0x000000000000116b       0x6a ./Core/Src/fonts.o
 .debug_macro   0x00000000000011d5      0x1df ./Core/Src/fonts.o
 .debug_macro   0x00000000000013b4       0x1c ./Core/Src/fonts.o
 .debug_macro   0x00000000000013d0       0x22 ./Core/Src/fonts.o
 .debug_macro   0x00000000000013f2       0xbd ./Core/Src/fonts.o
 .debug_macro   0x00000000000014af      0xd23 ./Core/Src/fonts.o
 .debug_macro   0x00000000000021d2     0xe09e ./Core/Src/fonts.o
 .debug_macro   0x0000000000010270       0x6d ./Core/Src/fonts.o
 .debug_macro   0x00000000000102dd     0x348d ./Core/Src/fonts.o
 .debug_macro   0x000000000001376a      0x174 ./Core/Src/fonts.o
 .debug_macro   0x00000000000138de       0x5c ./Core/Src/fonts.o
 .debug_macro   0x000000000001393a      0x5bc ./Core/Src/fonts.o
 .debug_macro   0x0000000000013ef6      0x289 ./Core/Src/fonts.o
 .debug_macro   0x000000000001417f      0x1cb ./Core/Src/fonts.o
 .debug_macro   0x000000000001434a      0x114 ./Core/Src/fonts.o
 .debug_macro   0x000000000001445e      0x1b2 ./Core/Src/fonts.o
 .debug_macro   0x0000000000014610       0x27 ./Core/Src/fonts.o
 .debug_macro   0x0000000000014637      0x136 ./Core/Src/fonts.o
 .debug_macro   0x000000000001476d      0x1bc ./Core/Src/fonts.o
 .debug_macro   0x0000000000014929       0x34 ./Core/Src/fonts.o
 .debug_macro   0x000000000001495d       0x3c ./Core/Src/fonts.o
 .debug_macro   0x0000000000014999       0x57 ./Core/Src/fonts.o
 .debug_macro   0x00000000000149f0       0x87 ./Core/Src/fonts.o
 .debug_macro   0x0000000000014a77      0x240 ./Core/Src/fonts.o
 .debug_macro   0x0000000000014cb7      0x287 ./Core/Src/fonts.o
 .debug_macro   0x0000000000014f3e      0x140 ./Core/Src/fonts.o
 .debug_macro   0x000000000001507e       0x83 ./Core/Src/fonts.o
 .debug_macro   0x0000000000015101       0x61 ./Core/Src/fonts.o
 .debug_macro   0x0000000000015162       0x24 ./Core/Src/fonts.o
 .debug_macro   0x0000000000015186       0x43 ./Core/Src/fonts.o
 .debug_macro   0x00000000000151c9       0x34 ./Core/Src/fonts.o
 .debug_macro   0x00000000000151fd       0x16 ./Core/Src/fonts.o
 .debug_macro   0x0000000000015213       0x43 ./Core/Src/fonts.o
 .debug_macro   0x0000000000015256       0x34 ./Core/Src/fonts.o
 .debug_macro   0x000000000001528a       0x10 ./Core/Src/fonts.o
 .debug_macro   0x000000000001529a       0x58 ./Core/Src/fonts.o
 .debug_macro   0x00000000000152f2       0x8e ./Core/Src/fonts.o
 .debug_macro   0x0000000000015380       0x1c ./Core/Src/fonts.o
 .debug_macro   0x000000000001539c      0x177 ./Core/Src/fonts.o
 .debug_macro   0x0000000000015513      0x369 ./Core/Src/fonts.o
 .debug_macro   0x000000000001587c       0x10 ./Core/Src/fonts.o
 .debug_macro   0x000000000001588c       0x35 ./Core/Src/fonts.o
 .debug_macro   0x00000000000158c1       0x20 ./Core/Src/fonts.o
 .debug_macro   0x00000000000158e1      0x1a2 ./Core/Src/gpio.o
 .debug_macro   0x0000000000015a83      0x1a2 ./Core/Src/i2c.o
 .debug_macro   0x0000000000015c25      0x2cf ./Core/Src/main.o
 .debug_macro   0x0000000000015ef4       0x16 ./Core/Src/main.o
 .debug_macro   0x0000000000015f0a       0x16 ./Core/Src/main.o
 .debug_macro   0x0000000000015f20       0x29 ./Core/Src/main.o
 .debug_macro   0x0000000000015f49       0x1d ./Core/Src/main.o
 .debug_macro   0x0000000000015f66      0x2f1 ./Core/Src/ssd1306.o
 .debug_macro   0x0000000000016257      0x198 ./Core/Src/stm32f1xx_hal_msp.o
 .debug_macro   0x00000000000163ef      0x1a2 ./Core/Src/stm32f1xx_it.o
 .debug_macro   0x0000000000016591      0x18e ./Core/Src/system_stm32f1xx.o
 .debug_macro   0x000000000001671f      0x1b2 ./Drivers/STM32F1xx_HAL_Driver/Src/stm32f1xx_hal.o
 .debug_macro   0x00000000000168d1      0x18e ./Drivers/STM32F1xx_HAL_Driver/Src/stm32f1xx_hal_cortex.o
 .debug_macro   0x0000000000016a5f      0x1f9 ./Drivers/STM32F1xx_HAL_Driver/Src/stm32f1xx_hal_gpio.o
 .debug_macro   0x0000000000016c58      0x1dc ./Drivers/STM32F1xx_HAL_Driver/Src/stm32f1xx_hal_i2c.o
 .debug_macro   0x0000000000016e34      0x1a0 ./Drivers/STM32F1xx_HAL_Driver/Src/stm32f1xx_hal_rcc.o

.debug_line     0x0000000000000000     0xaf20
 .debug_line    0x0000000000000000      0x925 ./Core/Src/fonts.o
 .debug_line    0x0000000000000925      0x6c4 ./Core/Src/gpio.o
 .debug_line    0x0000000000000fe9      0x72c ./Core/Src/i2c.o
 .debug_line    0x0000000000001715      0x9e4 ./Core/Src/main.o
 .debug_line    0x00000000000020f9     0x10de ./Core/Src/ssd1306.o
 .debug_line    0x00000000000031d7      0x6c8 ./Core/Src/stm32f1xx_hal_msp.o
 .debug_line    0x000000000000389f      0x789 ./Core/Src/stm32f1xx_it.o
 .debug_line    0x0000000000004028      0x745 ./Core/Src/system_stm32f1xx.o
 .debug_line    0x000000000000476d       0x78 ./Core/Startup/startup_stm32f103c8tx.o
 .debug_line    0x00000000000047e5      0x972 ./Drivers/STM32F1xx_HAL_Driver/Src/stm32f1xx_hal.o
 .debug_line    0x0000000000005157      0xb5a ./Drivers/STM32F1xx_HAL_Driver/Src/stm32f1xx_hal_cortex.o
 .debug_line    0x0000000000005cb1      0xa0b ./Drivers/STM32F1xx_HAL_Driver/Src/stm32f1xx_hal_gpio.o
 .debug_line    0x00000000000066bc     0x3ae9 ./Drivers/STM32F1xx_HAL_Driver/Src/stm32f1xx_hal_i2c.o
 .debug_line    0x000000000000a1a5      0xd7b ./Drivers/STM32F1xx_HAL_Driver/Src/stm32f1xx_hal_rcc.o

.debug_str      0x0000000000000000    0x81c6b
 .debug_str     0x0000000000000000    0x7f35a ./Core/Src/fonts.o
                                      0x7f6b1 (size before relaxing)
 .debug_str     0x000000000007f35a       0x87 ./Core/Src/gpio.o
                                      0x7c50c (size before relaxing)
 .debug_str     0x000000000007f3e1      0x4ee ./Core/Src/i2c.o
                                      0x7ca6c (size before relaxing)
 .debug_str     0x000000000007f8cf      0x33c ./Core/Src/main.o
                                      0x7f9ef (size before relaxing)
 .debug_str     0x000000000007fc0b      0x4ed ./Core/Src/ssd1306.o
                                      0x8017e (size before relaxing)
 .debug_str     0x00000000000800f8       0x5a ./Core/Src/stm32f1xx_hal_msp.o
                                      0x7c53a (size before relaxing)
 .debug_str     0x0000000000080152       0xc9 ./Core/Src/stm32f1xx_it.o
                                      0x7c54f (size before relaxing)
 .debug_str     0x000000000008021b       0x7e ./Core/Src/system_stm32f1xx.o
                                      0x7c565 (size before relaxing)
 .debug_str     0x0000000000080299       0x34 ./Core/Startup/startup_stm32f103c8tx.o
                                         0x6d (size before relaxing)
 .debug_str     0x00000000000802cd      0x607 ./Drivers/STM32F1xx_HAL_Driver/Src/stm32f1xx_hal.o
                                      0x7cc98 (size before relaxing)
 .debug_str     0x00000000000808d4      0x2bb ./Drivers/STM32F1xx_HAL_Driver/Src/stm32f1xx_hal_cortex.o
                                      0x7cbe4 (size before relaxing)
 .debug_str     0x0000000000080b8f      0x322 ./Drivers/STM32F1xx_HAL_Driver/Src/stm32f1xx_hal_gpio.o
                                      0x7c8eb (size before relaxing)
 .debug_str     0x0000000000080eb1      0xbb1 ./Drivers/STM32F1xx_HAL_Driver/Src/stm32f1xx_hal_i2c.o
                                      0x7d62c (size before relaxing)
 .debug_str     0x0000000000081a62      0x209 ./Drivers/STM32F1xx_HAL_Driver/Src/stm32f1xx_hal_rcc.o
                                      0x7c994 (size before relaxing)

.debug_frame    0x0000000000000000     0x1e84
 .debug_frame   0x0000000000000000       0x38 ./Core/Src/fonts.o
 .debug_frame   0x0000000000000038       0x38 ./Core/Src/gpio.o
 .debug_frame   0x0000000000000070       0x74 ./Core/Src/i2c.o
 .debug_frame   0x00000000000000e4       0x68 ./Core/Src/main.o
 .debug_frame   0x000000000000014c      0x414 ./Core/Src/ssd1306.o
 .debug_frame   0x0000000000000560       0x38 ./Core/Src/stm32f1xx_hal_msp.o
 .debug_frame   0x0000000000000598      0x104 ./Core/Src/stm32f1xx_it.o
 .debug_frame   0x000000000000069c       0x58 ./Core/Src/system_stm32f1xx.o
 .debug_frame   0x00000000000006f4      0x334 ./Drivers/STM32F1xx_HAL_Driver/Src/stm32f1xx_hal.o
 .debug_frame   0x0000000000000a28      0x428 ./Drivers/STM32F1xx_HAL_Driver/Src/stm32f1xx_hal_cortex.o
 .debug_frame   0x0000000000000e50      0x14c ./Drivers/STM32F1xx_HAL_Driver/Src/stm32f1xx_hal_gpio.o
 .debug_frame   0x0000000000000f9c      0xc84 ./Drivers/STM32F1xx_HAL_Driver/Src/stm32f1xx_hal_i2c.o
 .debug_frame   0x0000000000001c20      0x218 ./Drivers/STM32F1xx_HAL_Driver/Src/stm32f1xx_hal_rcc.o
 .debug_frame   0x0000000000001e38       0x20 D:/progran/stm/STM32CubeIDE_1.14.0/STM32CubeIDE/plugins/com.st.stm32cube.ide.mcu.externaltools.gnu-tools-for-stm32.11.3.rel1.win32_1.1.100.202309141235/tools/bin/../lib/gcc/arm-none-eabi/11.3.1/../../../../arm-none-eabi/lib/thumb/v7-m/nofp\libc_nano.a(libc_a-memset.o)
 .debug_frame   0x0000000000001e58       0x2c D:/progran/stm/STM32CubeIDE_1.14.0/STM32CubeIDE/plugins/com.st.stm32cube.ide.mcu.externaltools.gnu-tools-for-stm32.11.3.rel1.win32_1.1.100.202309141235/tools/bin/../lib/gcc/arm-none-eabi/11.3.1/../../../../arm-none-eabi/lib/thumb/v7-m/nofp\libc_nano.a(libc_a-init.o)

.debug_line_str
                0x0000000000000000       0x61
 .debug_line_str
                0x0000000000000000       0x61 ./Core/Startup/startup_stm32f103c8tx.o
                                         0x79 (size before relaxing)
